==========================================================================================
Information: 
Exchange parameters generated by TB2J 0.9.0.1
Generation time: 25/05/09 11:47:50
 Input from non-collinear Wannier90 data.
Tight binding data from ./.
Prefix of wannier function files:wannier90.
Warning: Please check if the noise level of Wannier function Hamiltonian to make sure it is much smaller than the exchange values.
The DMI component parallel to the spin orientation, the Jani which has the component of that orientation should be disregarded
e.g. if the spins are along z, the xz, yz, zz, zx, zy components and the z component of DMI.
If you need these component, try to do three calculations with spin along x, y, z,  or use structure with z rotated to x, y and z. And then use TB2J_merge.py to get the full set of parameters.
==========================================================================================
Cell (Angstrom):
-5.90858298  3.41132197  0.00000000
-5.90858298  -3.41132197  0.00000000
-0.00000000  -0.00000000  13.83830452

==========================================================================================
Atoms:  
(Note: charge and magmoms only count the wannier functions.)
Atom_number        x             y             z       w_charge    M(x)      M(y)      M(z)   
Cr1            -3.93905532   -0.00000000    6.91915226    4.6120   -0.0000    0.0001    3.0897
Cr2            -7.87811063    0.00000000    6.91915226    4.6120   -0.0000    0.0001    3.0897
I1             -2.09119973    1.20735472    5.37074519    5.4624   -0.0001   -0.0002   -0.0276
I2             -7.99978270    2.20396724    8.46755933    5.4624   -0.0003   -0.0002   -0.0276
I3             -5.90858297    0.99661252    5.37074519    5.4625   -0.0002   -0.0000   -0.0274
I4             -5.90858298   -0.99661252    8.46755933    5.4625   -0.0002   -0.0000   -0.0274
I5             -3.81738325   -2.20396724    5.37074519    5.4624   -0.0003   -0.0002   -0.0276
I6             -9.72596622   -1.20735472    8.46755933    5.4624   -0.0001   -0.0002   -0.0276
Total                                                    41.9985   -0.0013   -0.0006    6.0140

==========================================================================================
Exchange: 
    i      j          R        J_iso(meV)          vector          distance(A) 
----------------------------------------------------------------------------------------
   Cr1   Cr2   ( -1,   0,   0)  0.2389   ( 1.970, -3.411,  0.000)  3.939 
J_iso:  0.2389 
[Testing!] DMI: (-0.0000  0.0000 -0.0000)
[Testing!]J_ani:
[[-0.109 -0.027  0.192]
 [-0.027  0.073  0.038]
 [ 0.192  0.038  0.036]]
----------------------------------------------------------------------------------------
   Cr1   Cr2   (  0,  -1,   0)  0.2360   ( 1.970,  3.411,  0.000)  3.939 
J_iso:  0.2360 
[Testing!] DMI: ( 0.0000  0.0000 -0.0000)
[Testing!]J_ani:
[[-0.126 -0.031 -0.192]
 [-0.031  0.11  -0.018]
 [-0.192 -0.018  0.017]]
----------------------------------------------------------------------------------------
   Cr2   Cr1   (  0,   1,   0)  0.2360   (-1.970, -3.411, -0.000)  3.939 
J_iso:  0.2360 
[Testing!] DMI: (-0.0000 -0.0000  0.0000)
[Testing!]J_ani:
[[-0.126 -0.031 -0.192]
 [-0.031  0.11  -0.018]
 [-0.192 -0.018  0.017]]
----------------------------------------------------------------------------------------
   Cr2   Cr1   (  1,   0,   0)  0.2389   (-1.970,  3.411, -0.000)  3.939 
J_iso:  0.2389 
[Testing!] DMI: ( 0.0000 -0.0000  0.0000)
[Testing!]J_ani:
[[-0.109 -0.027  0.192]
 [-0.027  0.073  0.038]
 [ 0.192  0.038  0.036]]
----------------------------------------------------------------------------------------
   Cr1   Cr2   (  0,   0,   0)  0.2325   (-3.939,  0.000,  0.000)  3.939 
J_iso:  0.2325 
[Testing!] DMI: ( 0.0000  0.0000 -0.0000)
[Testing!]J_ani:
[[ 0.005 -0.037  0.   ]
 [-0.037  0.095 -0.052]
 [ 0.    -0.052 -0.1  ]]
----------------------------------------------------------------------------------------
   Cr2   Cr1   (  0,   0,   0)  0.2325   ( 3.939, -0.000, -0.000)  3.939 
J_iso:  0.2325 
[Testing!] DMI: (-0.0000 -0.0000  0.0000)
[Testing!]J_ani:
[[ 0.005 -0.037  0.   ]
 [-0.037  0.095 -0.052]
 [ 0.    -0.052 -0.1  ]]
----------------------------------------------------------------------------------------
   Cr1   Cr1   ( -1,   1,   0)  0.6870   ( 0.000, -6.823,  0.000)  6.823 
J_iso:  0.6870 
[Testing!] DMI: (-0.0049 -0.0048 -0.0035)
[Testing!]J_ani:
[[-0.024 -0.021  0.   ]
 [-0.021 -0.019  0.001]
 [ 0.     0.001  0.042]]
----------------------------------------------------------------------------------------
   Cr2   Cr2   ( -1,   1,   0)  0.6870   ( 0.000, -6.823,  0.000)  6.823 
J_iso:  0.6870 
[Testing!] DMI: ( 0.0049  0.0048  0.0035)
[Testing!]J_ani:
[[-0.024 -0.021  0.   ]
 [-0.021 -0.019  0.001]
 [ 0.     0.001  0.042]]
----------------------------------------------------------------------------------------
   Cr1   Cr1   (  1,  -1,   0)  0.6870   ( 0.000,  6.823,  0.000)  6.823 
J_iso:  0.6870 
[Testing!] DMI: ( 0.0049  0.0048  0.0035)
[Testing!]J_ani:
[[-0.024 -0.021  0.   ]
 [-0.021 -0.019  0.001]
 [ 0.     0.001  0.042]]
----------------------------------------------------------------------------------------
   Cr2   Cr2   (  1,  -1,   0)  0.6870   ( 0.000,  6.823,  0.000)  6.823 
J_iso:  0.6870 
[Testing!] DMI: (-0.0049 -0.0048 -0.0035)
[Testing!]J_ani:
[[-0.024 -0.021  0.   ]
 [-0.021 -0.019  0.001]
 [ 0.     0.001  0.042]]
----------------------------------------------------------------------------------------
   Cr1   Cr1   (  0,   1,   0)  0.6882   (-5.909, -3.411,  0.000)  6.823 
J_iso:  0.6882 
[Testing!] DMI: (-0.0055  0.0108 -0.0338)
[Testing!]J_ani:
[[ 0.039 -0.018  0.023]
 [-0.018 -0.06  -0.007]
 [ 0.023 -0.007  0.021]]
----------------------------------------------------------------------------------------
   Cr1   Cr1   (  1,   0,   0)  0.6882   (-5.909,  3.411,  0.000)  6.823 
J_iso:  0.6882 
[Testing!] DMI: (-0.0153  0.0074 -0.0686)
[Testing!]J_ani:
[[ 0.051 -0.019 -0.024]
 [-0.019 -0.081 -0.001]
 [-0.024 -0.001  0.03 ]]
----------------------------------------------------------------------------------------
   Cr1   Cr1   ( -1,   0,   0)  0.6882   ( 5.909, -3.411,  0.000)  6.823 
J_iso:  0.6882 
[Testing!] DMI: ( 0.0153 -0.0074  0.0686)
[Testing!]J_ani:
[[ 0.051 -0.019 -0.024]
 [-0.019 -0.081 -0.001]
 [-0.024 -0.001  0.03 ]]
----------------------------------------------------------------------------------------
   Cr2   Cr2   ( -1,   0,   0)  0.6882   ( 5.909, -3.411,  0.000)  6.823 
J_iso:  0.6882 
[Testing!] DMI: (-0.0153  0.0074 -0.0686)
[Testing!]J_ani:
[[ 0.051 -0.019 -0.024]
 [-0.019 -0.081 -0.001]
 [-0.024 -0.001  0.03 ]]
----------------------------------------------------------------------------------------
   Cr1   Cr1   (  0,  -1,   0)  0.6882   ( 5.909,  3.411,  0.000)  6.823 
J_iso:  0.6882 
[Testing!] DMI: ( 0.0055 -0.0108  0.0338)
[Testing!]J_ani:
[[ 0.039 -0.018  0.023]
 [-0.018 -0.06  -0.007]
 [ 0.023 -0.007  0.021]]
----------------------------------------------------------------------------------------
   Cr2   Cr2   (  0,  -1,   0)  0.6882   ( 5.909,  3.411,  0.000)  6.823 
J_iso:  0.6882 
[Testing!] DMI: (-0.0055  0.0108 -0.0338)
[Testing!]J_ani:
[[ 0.039 -0.018  0.023]
 [-0.018 -0.06  -0.007]
 [ 0.023 -0.007  0.021]]
----------------------------------------------------------------------------------------
   Cr2   Cr2   (  0,   1,   0)  0.6882   (-5.909, -3.411,  0.000)  6.823 
J_iso:  0.6882 
[Testing!] DMI: ( 0.0055 -0.0108  0.0338)
[Testing!]J_ani:
[[ 0.039 -0.018  0.023]
 [-0.018 -0.06  -0.007]
 [ 0.023 -0.007  0.021]]
----------------------------------------------------------------------------------------
   Cr2   Cr2   (  1,   0,   0)  0.6882   (-5.909,  3.411,  0.000)  6.823 
J_iso:  0.6882 
[Testing!] DMI: ( 0.0153 -0.0074  0.0686)
[Testing!]J_ani:
[[ 0.051 -0.019 -0.024]
 [-0.019 -0.081 -0.001]
 [-0.024 -0.001  0.03 ]]
----------------------------------------------------------------------------------------
   Cr1   Cr2   ( -1,   1,   0) -0.1660   (-3.939, -6.823,  0.000)  7.878 
J_iso: -0.1660 
[Testing!] DMI: ( 0.0000  0.0000 -0.0000)
[Testing!]J_ani:
[[-0.033 -0.109 -0.008]
 [-0.109  0.013  0.033]
 [-0.008  0.033  0.02 ]]
----------------------------------------------------------------------------------------
   Cr2   Cr1   ( -1,   1,   0) -0.1690   ( 3.939, -6.823, -0.000)  7.878 
J_iso: -0.1690 
[Testing!] DMI: (-0.0000  0.0000 -0.0000)
[Testing!]J_ani:
[[-0.041 -0.12   0.007]
 [-0.12   0.002  0.046]
 [ 0.007  0.046  0.039]]
----------------------------------------------------------------------------------------
   Cr1   Cr2   (  1,  -1,   0) -0.1690   (-3.939,  6.823,  0.000)  7.878 
J_iso: -0.1690 
[Testing!] DMI: ( 0.0000 -0.0000  0.0000)
[Testing!]J_ani:
[[-0.041 -0.12   0.007]
 [-0.12   0.002  0.046]
 [ 0.007  0.046  0.039]]
----------------------------------------------------------------------------------------
   Cr2   Cr1   (  1,  -1,   0) -0.1660   ( 3.939,  6.823, -0.000)  7.878 
J_iso: -0.1660 
[Testing!] DMI: (-0.0000 -0.0000  0.0000)
[Testing!]J_ani:
[[-0.033 -0.109 -0.008]
 [-0.109  0.013  0.033]
 [-0.008  0.033  0.02 ]]
----------------------------------------------------------------------------------------
   Cr1   Cr2   ( -1,  -1,   0) -0.1640   ( 7.878,  0.000,  0.000)  7.878 
J_iso: -0.1640 
[Testing!] DMI: ( 0.0000  0.0000  0.0000)
[Testing!]J_ani:
[[-0.021 -0.097 -0.   ]
 [-0.097  0.013 -0.04 ]
 [-0.    -0.04   0.008]]
----------------------------------------------------------------------------------------
   Cr2   Cr1   (  1,   1,   0) -0.1640   (-7.878, -0.000, -0.000)  7.878 
J_iso: -0.1640 
[Testing!] DMI: (-0.0000 -0.0000 -0.0000)
[Testing!]J_ani:
[[-0.021 -0.097 -0.   ]
 [-0.097  0.013 -0.04 ]
 [-0.    -0.04   0.008]]
----------------------------------------------------------------------------------------
   Cr1   Cr2   ( -2,   1,   0)  0.0045   ( 1.970, -10.234,  0.000) 10.422 
J_iso:  0.0045 
[Testing!] DMI: ( 0.0000  0.0000 -0.0000)
[Testing!]J_ani:
[[-0.011  0.004 -0.   ]
 [ 0.004 -0.008  0.007]
 [-0.     0.007  0.019]]
----------------------------------------------------------------------------------------
   Cr2   Cr1   ( -1,   2,   0)  0.0063   (-1.970, -10.234, -0.000) 10.422 
J_iso:  0.0063 
[Testing!] DMI: (-0.0000  0.0000  0.0000)
[Testing!]J_ani:
[[ 0.011 -0.031  0.   ]
 [-0.031 -0.028  0.003]
 [ 0.     0.003  0.016]]
----------------------------------------------------------------------------------------
   Cr1   Cr2   (  1,  -2,   0)  0.0063   ( 1.970, 10.234,  0.000) 10.422 
J_iso:  0.0063 
[Testing!] DMI: ( 0.0000 -0.0000 -0.0000)
[Testing!]J_ani:
[[ 0.011 -0.031  0.   ]
 [-0.031 -0.028  0.003]
 [ 0.     0.003  0.016]]
----------------------------------------------------------------------------------------
   Cr2   Cr1   (  2,  -1,   0)  0.0045   (-1.970, 10.234, -0.000) 10.422 
J_iso:  0.0045 
[Testing!] DMI: (-0.0000 -0.0000  0.0000)
[Testing!]J_ani:
[[-0.011  0.004 -0.   ]
 [ 0.004 -0.008  0.007]
 [-0.     0.007  0.019]]
----------------------------------------------------------------------------------------
   Cr1   Cr2   ( -2,   0,   0)  0.0048   ( 7.878, -6.823,  0.000) 10.422 
J_iso:  0.0048 
[Testing!] DMI: ( 0.0000  0.0000  0.0000)
[Testing!]J_ani:
[[ 0.026 -0.033 -0.001]
 [-0.033 -0.028  0.038]
 [-0.001  0.038  0.002]]
----------------------------------------------------------------------------------------
   Cr1   Cr2   (  0,  -2,   0)  0.0063   ( 7.878,  6.823,  0.000) 10.422 
J_iso:  0.0063 
[Testing!] DMI: ( 0.0000 -0.0000 -0.0000)
[Testing!]J_ani:
[[ 0.01   0.006  0.001]
 [ 0.006 -0.01   0.045]
 [ 0.001  0.045  0.   ]]
----------------------------------------------------------------------------------------
   Cr2   Cr1   (  0,   2,   0)  0.0063   (-7.878, -6.823, -0.000) 10.422 
J_iso:  0.0063 
[Testing!] DMI: (-0.0000  0.0000  0.0000)
[Testing!]J_ani:
[[ 0.01   0.006  0.001]
 [ 0.006 -0.01   0.045]
 [ 0.001  0.045  0.   ]]
----------------------------------------------------------------------------------------
   Cr2   Cr1   (  2,   0,   0)  0.0048   (-7.878,  6.823, -0.000) 10.422 
J_iso:  0.0048 
[Testing!] DMI: (-0.0000 -0.0000 -0.0000)
[Testing!]J_ani:
[[ 0.026 -0.033 -0.001]
 [-0.033 -0.028  0.038]
 [-0.001  0.038  0.002]]
----------------------------------------------------------------------------------------
   Cr2   Cr1   ( -1,   0,   0)  0.0049   ( 9.848, -3.411, -0.000) 10.422 
J_iso:  0.0049 
[Testing!] DMI: ( 0.0000  0.0000 -0.0000)
[Testing!]J_ani:
[[ 0.014  0.013 -0.   ]
 [ 0.013 -0.033 -0.029]
 [-0.    -0.029  0.02 ]]
----------------------------------------------------------------------------------------
   Cr2   Cr1   (  0,  -1,   0)  0.0048   ( 9.848,  3.411, -0.000) 10.422 
J_iso:  0.0048 
[Testing!] DMI: ( 0.0000  0.0000  0.0000)
[Testing!]J_ani:
[[ 0.026 -0.022  0.   ]
 [-0.022 -0.042 -0.042]
 [ 0.    -0.042  0.016]]
----------------------------------------------------------------------------------------
   Cr1   Cr2   (  0,   1,   0)  0.0048   (-9.848, -3.411,  0.000) 10.422 
J_iso:  0.0048 
[Testing!] DMI: (-0.0000 -0.0000 -0.0000)
[Testing!]J_ani:
[[ 0.026 -0.022  0.   ]
 [-0.022 -0.042 -0.042]
 [ 0.    -0.042  0.016]]
----------------------------------------------------------------------------------------
   Cr1   Cr2   (  1,   0,   0)  0.0049   (-9.848,  3.411,  0.000) 10.422 
J_iso:  0.0049 
[Testing!] DMI: (-0.0000 -0.0000  0.0000)
[Testing!]J_ani:
[[ 0.014  0.013 -0.   ]
 [ 0.013 -0.033 -0.029]
 [-0.    -0.029  0.02 ]]
----------------------------------------------------------------------------------------
   Cr1   Cr1   ( -2,   1,   0) -0.0223   ( 5.909, -10.234,  0.000) 11.817 
J_iso: -0.0223 
[Testing!] DMI: (-0.0066  0.0050 -0.0006)
[Testing!]J_ani:
[[ 0.012 -0.002 -0.001]
 [-0.002 -0.024 -0.003]
 [-0.001 -0.003  0.012]]
----------------------------------------------------------------------------------------
   Cr2   Cr2   ( -2,   1,   0) -0.0223   ( 5.909, -10.234,  0.000) 11.817 
J_iso: -0.0223 
[Testing!] DMI: ( 0.0066 -0.0050  0.0006)
[Testing!]J_ani:
[[ 0.012 -0.002 -0.001]
 [-0.002 -0.024 -0.003]
 [-0.001 -0.003  0.012]]
----------------------------------------------------------------------------------------
   Cr1   Cr1   ( -1,   2,   0) -0.0232   (-5.909, -10.234,  0.000) 11.817 
J_iso: -0.0232 
[Testing!] DMI: ( 0.0068 -0.0028 -0.0011)
[Testing!]J_ani:
[[ 0.006 -0.003  0.001]
 [-0.003 -0.008  0.001]
 [ 0.001  0.001  0.002]]
----------------------------------------------------------------------------------------
   Cr2   Cr2   ( -1,   2,   0) -0.0232   (-5.909, -10.234,  0.000) 11.817 
J_iso: -0.0232 
[Testing!] DMI: (-0.0068  0.0028  0.0011)
[Testing!]J_ani:
[[ 0.006 -0.003  0.001]
 [-0.003 -0.008  0.001]
 [ 0.001  0.001  0.002]]
----------------------------------------------------------------------------------------
   Cr1   Cr1   (  1,  -2,   0) -0.0232   ( 5.909, 10.234,  0.000) 11.817 
J_iso: -0.0232 
[Testing!] DMI: (-0.0068  0.0028  0.0011)
[Testing!]J_ani:
[[ 0.006 -0.003  0.001]
 [-0.003 -0.008  0.001]
 [ 0.001  0.001  0.002]]
----------------------------------------------------------------------------------------
   Cr2   Cr2   (  1,  -2,   0) -0.0232   ( 5.909, 10.234,  0.000) 11.817 
J_iso: -0.0232 
[Testing!] DMI: ( 0.0068 -0.0028 -0.0011)
[Testing!]J_ani:
[[ 0.006 -0.003  0.001]
 [-0.003 -0.008  0.001]
 [ 0.001  0.001  0.002]]
----------------------------------------------------------------------------------------
   Cr1   Cr1   (  2,  -1,   0) -0.0223   (-5.909, 10.234,  0.000) 11.817 
J_iso: -0.0223 
[Testing!] DMI: ( 0.0066 -0.0050  0.0006)
[Testing!]J_ani:
[[ 0.012 -0.002 -0.001]
 [-0.002 -0.024 -0.003]
 [-0.001 -0.003  0.012]]
----------------------------------------------------------------------------------------
   Cr2   Cr2   (  2,  -1,   0) -0.0223   (-5.909, 10.234,  0.000) 11.817 
J_iso: -0.0223 
[Testing!] DMI: (-0.0066  0.0050 -0.0006)
[Testing!]J_ani:
[[ 0.012 -0.002 -0.001]
 [-0.002 -0.024 -0.003]
 [-0.001 -0.003  0.012]]
----------------------------------------------------------------------------------------
   Cr2   Cr2   (  1,   1,   0) -0.0221   (-11.817,  0.000,  0.000) 11.817 
J_iso: -0.0221 
[Testing!] DMI: (-0.0005 -0.0070 -0.0014)
[Testing!]J_ani:
[[ 0.01  -0.    -0.   ]
 [-0.    -0.003  0.004]
 [-0.     0.004 -0.007]]
----------------------------------------------------------------------------------------
   Cr1   Cr1   ( -1,  -1,   0) -0.0221   (11.817,  0.000,  0.000) 11.817 
J_iso: -0.0221 
[Testing!] DMI: (-0.0005 -0.0070 -0.0014)
[Testing!]J_ani:
[[ 0.01  -0.    -0.   ]
 [-0.    -0.003  0.004]
 [-0.     0.004 -0.007]]
----------------------------------------------------------------------------------------
   Cr2   Cr2   ( -1,  -1,   0) -0.0221   (11.817,  0.000,  0.000) 11.817 
J_iso: -0.0221 
[Testing!] DMI: ( 0.0005  0.0070  0.0014)
[Testing!]J_ani:
[[ 0.01  -0.    -0.   ]
 [-0.    -0.003  0.004]
 [-0.     0.004 -0.007]]
----------------------------------------------------------------------------------------
   Cr1   Cr1   (  1,   1,   0) -0.0221   (-11.817,  0.000,  0.000) 11.817 
J_iso: -0.0221 
[Testing!] DMI: ( 0.0005  0.0070  0.0014)
[Testing!]J_ani:
[[ 0.01  -0.    -0.   ]
 [-0.    -0.003  0.004]
 [-0.     0.004 -0.007]]
----------------------------------------------------------------------------------------
   Cr1   Cr1   ( -2,   2,   0) -0.0084   ( 0.000, -13.645,  0.000) 13.645 
J_iso: -0.0084 
[Testing!] DMI: (-0.0001 -0.0020  0.0004)
[Testing!]J_ani:
[[ 0.002 -0.007 -0.   ]
 [-0.007 -0.002  0.   ]
 [-0.     0.     0.001]]
----------------------------------------------------------------------------------------
   Cr2   Cr2   ( -2,   2,   0) -0.0084   ( 0.000, -13.645,  0.000) 13.645 
J_iso: -0.0084 
[Testing!] DMI: ( 0.0001  0.0020 -0.0004)
[Testing!]J_ani:
[[ 0.002 -0.007 -0.   ]
 [-0.007 -0.002  0.   ]
 [-0.     0.     0.001]]
----------------------------------------------------------------------------------------
   Cr1   Cr1   (  2,  -2,   0) -0.0084   ( 0.000, 13.645,  0.000) 13.645 
J_iso: -0.0084 
[Testing!] DMI: ( 0.0001  0.0020 -0.0004)
[Testing!]J_ani:
[[ 0.002 -0.007 -0.   ]
 [-0.007 -0.002  0.   ]
 [-0.     0.     0.001]]
----------------------------------------------------------------------------------------
   Cr2   Cr2   (  2,  -2,   0) -0.0084   ( 0.000, 13.645,  0.000) 13.645 
J_iso: -0.0084 
[Testing!] DMI: (-0.0001 -0.0020  0.0004)
[Testing!]J_ani:
[[ 0.002 -0.007 -0.   ]
 [-0.007 -0.002  0.   ]
 [-0.     0.     0.001]]
----------------------------------------------------------------------------------------
   Cr2   Cr2   (  0,   2,   0) -0.0100   (-11.817, -6.823,  0.000) 13.645 
J_iso: -0.0100 
[Testing!] DMI: (-0.0004 -0.0005 -0.0032)
[Testing!]J_ani:
[[ 0.    -0.005 -0.   ]
 [-0.005  0.002  0.002]
 [-0.     0.002 -0.002]]
----------------------------------------------------------------------------------------
   Cr2   Cr2   (  2,   0,   0) -0.0064   (-11.817,  6.823,  0.000) 13.645 
J_iso: -0.0064 
[Testing!] DMI: ( 0.0004  0.0010 -0.0059)
[Testing!]J_ani:
[[ 0.004 -0.006 -0.   ]
 [-0.006 -0.006  0.005]
 [-0.     0.005  0.002]]
----------------------------------------------------------------------------------------
   Cr1   Cr1   ( -2,   0,   0) -0.0064   (11.817, -6.823,  0.000) 13.645 
J_iso: -0.0064 
[Testing!] DMI: ( 0.0004  0.0010 -0.0059)
[Testing!]J_ani:
[[ 0.004 -0.006 -0.   ]
 [-0.006 -0.006  0.005]
 [-0.     0.005  0.002]]
----------------------------------------------------------------------------------------
   Cr2   Cr2   ( -2,   0,   0) -0.0064   (11.817, -6.823,  0.000) 13.645 
J_iso: -0.0064 
[Testing!] DMI: (-0.0004 -0.0010  0.0059)
[Testing!]J_ani:
[[ 0.004 -0.006 -0.   ]
 [-0.006 -0.006  0.005]
 [-0.     0.005  0.002]]
----------------------------------------------------------------------------------------
   Cr1   Cr1   (  0,  -2,   0) -0.0100   (11.817,  6.823,  0.000) 13.645 
J_iso: -0.0100 
[Testing!] DMI: (-0.0004 -0.0005 -0.0032)
[Testing!]J_ani:
[[ 0.    -0.005 -0.   ]
 [-0.005  0.002  0.002]
 [-0.     0.002 -0.002]]
----------------------------------------------------------------------------------------
   Cr2   Cr2   (  0,  -2,   0) -0.0100   (11.817,  6.823,  0.000) 13.645 
J_iso: -0.0100 
[Testing!] DMI: ( 0.0004  0.0005  0.0032)
[Testing!]J_ani:
[[ 0.    -0.005 -0.   ]
 [-0.005  0.002  0.002]
 [-0.     0.002 -0.002]]
----------------------------------------------------------------------------------------
   Cr1   Cr1   (  0,   2,   0) -0.0100   (-11.817, -6.823,  0.000) 13.645 
J_iso: -0.0100 
[Testing!] DMI: ( 0.0004  0.0005  0.0032)
[Testing!]J_ani:
[[ 0.    -0.005 -0.   ]
 [-0.005  0.002  0.002]
 [-0.     0.002 -0.002]]
----------------------------------------------------------------------------------------
   Cr1   Cr1   (  2,   0,   0) -0.0064   (-11.817,  6.823,  0.000) 13.645 
J_iso: -0.0064 
[Testing!] DMI: (-0.0004 -0.0010  0.0059)
[Testing!]J_ani:
[[ 0.004 -0.006 -0.   ]
 [-0.006 -0.006  0.005]
 [-0.     0.005  0.002]]
----------------------------------------------------------------------------------------
   Cr1   Cr2   ( -2,   2,   0)  0.0002   (-3.939, -13.645,  0.000) 14.202 
J_iso:  0.0002 
[Testing!] DMI: ( 0.0000  0.0000 -0.0000)
[Testing!]J_ani:
[[-0.002 -0.    -0.001]
 [-0.     0.001  0.005]
 [-0.001  0.005  0.001]]
----------------------------------------------------------------------------------------
   Cr2   Cr1   ( -2,   2,   0)  0.0008   ( 3.939, -13.645, -0.000) 14.202 
J_iso:  0.0008 
[Testing!] DMI: (-0.0000  0.0000 -0.0000)
[Testing!]J_ani:
[[ 0.     0.001  0.001]
 [ 0.001 -0.005 -0.003]
 [ 0.001 -0.003  0.005]]
----------------------------------------------------------------------------------------
   Cr1   Cr2   (  2,  -2,   0)  0.0008   (-3.939, 13.645,  0.000) 14.202 
J_iso:  0.0008 
[Testing!] DMI: ( 0.0000 -0.0000  0.0000)
[Testing!]J_ani:
[[ 0.     0.001  0.001]
 [ 0.001 -0.005 -0.003]
 [ 0.001 -0.003  0.005]]
----------------------------------------------------------------------------------------
   Cr2   Cr1   (  2,  -2,   0)  0.0002   ( 3.939, 13.645, -0.000) 14.202 
J_iso:  0.0002 
[Testing!] DMI: (-0.0000 -0.0000  0.0000)
[Testing!]J_ani:
[[-0.002 -0.    -0.001]
 [-0.     0.001  0.005]
 [-0.001  0.005  0.001]]
----------------------------------------------------------------------------------------
   Cr2   Cr1   ( -2,   1,   0)  0.0001   ( 9.848, -10.234, -0.000) 14.202 
J_iso:  0.0001 
[Testing!] DMI: (-0.0000 -0.0000  0.0000)
[Testing!]J_ani:
[[ 0.     0.005  0.   ]
 [ 0.005  0.005 -0.005]
 [ 0.    -0.005 -0.005]]
----------------------------------------------------------------------------------------
   Cr1   Cr2   ( -1,   2,   0)  0.0003   (-9.848, -10.234,  0.000) 14.202 
J_iso:  0.0003 
[Testing!] DMI: ( 0.0000  0.0000  0.0000)
[Testing!]J_ani:
[[-0.003 -0.003 -0.   ]
 [-0.003 -0.003 -0.004]
 [-0.    -0.004  0.006]]
----------------------------------------------------------------------------------------
   Cr2   Cr1   (  1,  -2,   0)  0.0003   ( 9.848, 10.234, -0.000) 14.202 
J_iso:  0.0003 
[Testing!] DMI: (-0.0000 -0.0000 -0.0000)
[Testing!]J_ani:
[[-0.003 -0.003 -0.   ]
 [-0.003 -0.003 -0.004]
 [-0.    -0.004  0.006]]
----------------------------------------------------------------------------------------
   Cr1   Cr2   (  2,  -1,   0)  0.0001   (-9.848, 10.234,  0.000) 14.202 
J_iso:  0.0001 
[Testing!] DMI: ( 0.0000  0.0000 -0.0000)
[Testing!]J_ani:
[[ 0.     0.005  0.   ]
 [ 0.005  0.005 -0.005]
 [ 0.    -0.005 -0.005]]
----------------------------------------------------------------------------------------
   Cr1   Cr2   ( -2,  -1,   0)  0.0008   (13.787, -3.411,  0.000) 14.202 
J_iso:  0.0008 
[Testing!] DMI: (-0.0000 -0.0000  0.0000)
[Testing!]J_ani:
[[ 0.009  0.001 -0.001]
 [ 0.001 -0.009 -0.009]
 [-0.001 -0.009 -0.   ]]
----------------------------------------------------------------------------------------
   Cr1   Cr2   ( -1,  -2,   0)  0.0011   (13.787,  3.411,  0.000) 14.202 
J_iso:  0.0011 
[Testing!] DMI: (-0.0000 -0.0000  0.0000)
[Testing!]J_ani:
[[ 0.005  0.001  0.001]
 [ 0.001 -0.002 -0.013]
 [ 0.001 -0.013 -0.003]]
----------------------------------------------------------------------------------------
   Cr2   Cr1   (  1,   2,   0)  0.0011   (-13.787, -3.411, -0.000) 14.202 
J_iso:  0.0011 
[Testing!] DMI: ( 0.0000  0.0000 -0.0000)
[Testing!]J_ani:
[[ 0.005  0.001  0.001]
 [ 0.001 -0.002 -0.013]
 [ 0.001 -0.013 -0.003]]
----------------------------------------------------------------------------------------
   Cr2   Cr1   (  2,   1,   0)  0.0008   (-13.787,  3.411, -0.000) 14.202 
J_iso:  0.0008 
[Testing!] DMI: ( 0.0000  0.0000 -0.0000)
[Testing!]J_ani:
[[ 0.009  0.001 -0.001]
 [ 0.001 -0.009 -0.009]
 [-0.001 -0.009 -0.   ]]
----------------------------------------------------------------------------------------
   Cr1   Cr2   ( -3,   1,   0) -0.0084   ( 7.878, -13.645,  0.000) 15.756 
J_iso: -0.0084 
[Testing!] DMI: ( 0.0000  0.0000 -0.0000)
[Testing!]J_ani:
[[ 0.002 -0.004 -0.   ]
 [-0.004 -0.    -0.001]
 [-0.    -0.001 -0.001]]
----------------------------------------------------------------------------------------
   Cr2   Cr1   ( -1,   3,   0) -0.0052   (-7.878, -13.645, -0.000) 15.756 
J_iso: -0.0052 
[Testing!] DMI: (-0.0000  0.0000 -0.0000)
[Testing!]J_ani:
[[-0.    -0.003  0.   ]
 [-0.003 -0.005  0.01 ]
 [ 0.     0.01   0.005]]
----------------------------------------------------------------------------------------
   Cr1   Cr2   (  1,  -3,   0) -0.0052   ( 7.878, 13.645,  0.000) 15.756 
J_iso: -0.0052 
[Testing!] DMI: ( 0.0000 -0.0000  0.0000)
[Testing!]J_ani:
[[-0.    -0.003  0.   ]
 [-0.003 -0.005  0.01 ]
 [ 0.     0.01   0.005]]
----------------------------------------------------------------------------------------
   Cr2   Cr1   (  3,  -1,   0) -0.0084   (-7.878, 13.645, -0.000) 15.756 
J_iso: -0.0084 
[Testing!] DMI: (-0.0000 -0.0000  0.0000)
[Testing!]J_ani:
[[ 0.002 -0.004 -0.   ]
 [-0.004 -0.    -0.001]
 [-0.    -0.001 -0.001]]
----------------------------------------------------------------------------------------
   Cr1   Cr2   (  1,   1,   0) -0.0065   (-15.756,  0.000,  0.000) 15.756 
J_iso: -0.0065 
[Testing!] DMI: ( 0.0000  0.0000 -0.0000)
[Testing!]J_ani:
[[ 0.006 -0.003 -0.   ]
 [-0.003 -0.003 -0.009]
 [-0.    -0.009 -0.003]]
----------------------------------------------------------------------------------------
   Cr2   Cr1   ( -1,  -1,   0) -0.0065   (15.756, -0.000, -0.000) 15.756 
J_iso: -0.0065 
[Testing!] DMI: (-0.0000 -0.0000  0.0000)
[Testing!]J_ani:
[[ 0.006 -0.003 -0.   ]
 [-0.003 -0.003 -0.009]
 [-0.    -0.009 -0.003]]
----------------------------------------------------------------------------------------
   Cr1   Cr2   ( -3,   2,   0) -0.0012   ( 1.970, -17.057,  0.000) 17.170 
J_iso: -0.0012 
[Testing!] DMI: ( 0.0000  0.0000  0.0000)
[Testing!]J_ani:
[[ 0.002 -0.    -0.   ]
 [-0.    -0.005  0.011]
 [-0.     0.011  0.003]]
----------------------------------------------------------------------------------------
   Cr2   Cr1   ( -2,   3,   0)  0.0010   (-1.970, -17.057, -0.000) 17.170 
J_iso:  0.0010 
[Testing!] DMI: ( 0.0000  0.0000 -0.0000)
[Testing!]J_ani:
[[ 0.004  0.     0.   ]
 [ 0.    -0.002  0.002]
 [ 0.     0.002 -0.002]]
----------------------------------------------------------------------------------------
   Cr1   Cr2   (  2,  -3,   0)  0.0010   ( 1.970, 17.057,  0.000) 17.170 
J_iso:  0.0010 
[Testing!] DMI: (-0.0000 -0.0000  0.0000)
[Testing!]J_ani:
[[ 0.004  0.     0.   ]
 [ 0.    -0.002  0.002]
 [ 0.     0.002 -0.002]]
----------------------------------------------------------------------------------------
   Cr2   Cr1   (  3,  -2,   0) -0.0012   (-1.970, 17.057, -0.000) 17.170 
J_iso: -0.0012 
[Testing!] DMI: (-0.0000 -0.0000 -0.0000)
[Testing!]J_ani:
[[ 0.002 -0.    -0.   ]
 [-0.    -0.005  0.011]
 [-0.     0.011  0.003]]
----------------------------------------------------------------------------------------
   Cr1   Cr2   ( -3,   0,   0) -0.0009   (13.787, -10.234,  0.000) 17.170 
J_iso: -0.0009 
[Testing!] DMI: ( 0.0000  0.0000  0.0000)
[Testing!]J_ani:
[[ 0.004 -0.    -0.   ]
 [-0.     0.004 -0.002]
 [-0.    -0.002 -0.007]]
----------------------------------------------------------------------------------------
   Cr1   Cr2   (  0,  -3,   0)  0.0011   (13.787, 10.234,  0.000) 17.170 
J_iso:  0.0011 
[Testing!] DMI: (-0.0000 -0.0000  0.0000)
[Testing!]J_ani:
[[-0.002 -0.002  0.   ]
 [-0.002 -0.002 -0.001]
 [ 0.    -0.001  0.004]]
----------------------------------------------------------------------------------------
   Cr2   Cr1   (  0,   3,   0)  0.0011   (-13.787, -10.234, -0.000) 17.170 
J_iso:  0.0011 
[Testing!] DMI: ( 0.0000  0.0000 -0.0000)
[Testing!]J_ani:
[[-0.002 -0.002  0.   ]
 [-0.002 -0.002 -0.001]
 [ 0.    -0.001  0.004]]
----------------------------------------------------------------------------------------
   Cr2   Cr1   (  3,   0,   0) -0.0009   (-13.787, 10.234, -0.000) 17.170 
J_iso: -0.0009 
[Testing!] DMI: (-0.0000 -0.0000 -0.0000)
[Testing!]J_ani:
[[ 0.004 -0.    -0.   ]
 [-0.     0.004 -0.002]
 [-0.    -0.002 -0.007]]
----------------------------------------------------------------------------------------
   Cr1   Cr2   (  0,   2,   0) -0.0001   (-15.756, -6.823,  0.000) 17.170 
J_iso: -0.0001 
[Testing!] DMI: (-0.0000  0.0000  0.0000)
[Testing!]J_ani:
[[ 0.001 -0.    -0.   ]
 [-0.    -0.001  0.005]
 [-0.     0.005  0.001]]
----------------------------------------------------------------------------------------
   Cr1   Cr2   (  2,   0,   0) -0.0007   (-15.756,  6.823,  0.000) 17.170 
J_iso: -0.0007 
[Testing!] DMI: (-0.0000  0.0000  0.0000)
[Testing!]J_ani:
[[ 0.004 -0.002 -0.   ]
 [-0.002  0.004  0.006]
 [-0.     0.006 -0.008]]
----------------------------------------------------------------------------------------
   Cr2   Cr1   ( -2,   0,   0) -0.0007   (15.756, -6.823, -0.000) 17.170 
J_iso: -0.0007 
[Testing!] DMI: ( 0.0000 -0.0000 -0.0000)
[Testing!]J_ani:
[[ 0.004 -0.002 -0.   ]
 [-0.002  0.004  0.006]
 [-0.     0.006 -0.008]]
----------------------------------------------------------------------------------------
   Cr2   Cr1   (  0,  -2,   0) -0.0001   (15.756,  6.823, -0.000) 17.170 
J_iso: -0.0001 
[Testing!] DMI: ( 0.0000 -0.0000 -0.0000)
[Testing!]J_ani:
[[ 0.001 -0.    -0.   ]
 [-0.    -0.001  0.005]
 [-0.     0.005  0.001]]
----------------------------------------------------------------------------------------
   Cr1   Cr1   ( -3,   2,   0) -0.0002   ( 5.909, -17.057,  0.000) 18.051 
J_iso: -0.0002 
[Testing!] DMI: (-0.0001 -0.0009  0.0007)
[Testing!]J_ani:
[[-0.001  0.     0.   ]
 [ 0.    -0.002 -0.   ]
 [ 0.    -0.     0.003]]
----------------------------------------------------------------------------------------
   Cr2   Cr2   ( -3,   2,   0) -0.0002   ( 5.909, -17.057,  0.000) 18.051 
J_iso: -0.0002 
[Testing!] DMI: ( 0.0001  0.0009 -0.0007)
[Testing!]J_ani:
[[-0.001  0.     0.   ]
 [ 0.    -0.002 -0.   ]
 [ 0.    -0.     0.003]]
----------------------------------------------------------------------------------------
   Cr1   Cr1   ( -2,   3,   0) -0.0027   (-5.909, -17.057,  0.000) 18.051 
J_iso: -0.0027 
[Testing!] DMI: (-0.0003  0.0005  0.0007)
[Testing!]J_ani:
[[ 0.009 -0.001 -0.   ]
 [-0.001 -0.003 -0.   ]
 [-0.    -0.    -0.006]]
----------------------------------------------------------------------------------------
   Cr2   Cr2   ( -2,   3,   0) -0.0027   (-5.909, -17.057,  0.000) 18.051 
J_iso: -0.0027 
[Testing!] DMI: ( 0.0003 -0.0005 -0.0007)
[Testing!]J_ani:
[[ 0.009 -0.001 -0.   ]
 [-0.001 -0.003 -0.   ]
 [-0.    -0.    -0.006]]
----------------------------------------------------------------------------------------
   Cr1   Cr1   (  2,  -3,   0) -0.0027   ( 5.909, 17.057,  0.000) 18.051 
J_iso: -0.0027 
[Testing!] DMI: ( 0.0003 -0.0005 -0.0007)
[Testing!]J_ani:
[[ 0.009 -0.001 -0.   ]
 [-0.001 -0.003 -0.   ]
 [-0.    -0.    -0.006]]
----------------------------------------------------------------------------------------
   Cr2   Cr2   (  2,  -3,   0) -0.0027   ( 5.909, 17.057,  0.000) 18.051 
J_iso: -0.0027 
[Testing!] DMI: (-0.0003  0.0005  0.0007)
[Testing!]J_ani:
[[ 0.009 -0.001 -0.   ]
 [-0.001 -0.003 -0.   ]
 [-0.    -0.    -0.006]]
----------------------------------------------------------------------------------------
   Cr1   Cr1   (  3,  -2,   0) -0.0002   (-5.909, 17.057,  0.000) 18.051 
J_iso: -0.0002 
[Testing!] DMI: ( 0.0001  0.0009 -0.0007)
[Testing!]J_ani:
[[-0.001  0.     0.   ]
 [ 0.    -0.002 -0.   ]
 [ 0.    -0.     0.003]]
----------------------------------------------------------------------------------------
   Cr2   Cr2   (  3,  -2,   0) -0.0002   (-5.909, 17.057,  0.000) 18.051 
J_iso: -0.0002 
[Testing!] DMI: (-0.0001 -0.0009  0.0007)
[Testing!]J_ani:
[[-0.001  0.     0.   ]
 [ 0.    -0.002 -0.   ]
 [ 0.    -0.     0.003]]
----------------------------------------------------------------------------------------
   Cr1   Cr1   ( -1,   3,   0) -0.0041   (-11.817, -13.645,  0.000) 18.051 
J_iso: -0.0041 
[Testing!] DMI: (-0.0002  0.0004 -0.0013)
[Testing!]J_ani:
[[-0.006  0.    -0.   ]
 [ 0.    -0.003  0.001]
 [-0.     0.001  0.009]]
----------------------------------------------------------------------------------------
   Cr1   Cr1   (  3,  -1,   0)  0.0015   (-11.817, 13.645,  0.000) 18.051 
J_iso:  0.0015 
[Testing!] DMI: (-0.0005  0.0009  0.0019)
[Testing!]J_ani:
[[ 0.    -0.001  0.   ]
 [-0.001 -0.007  0.001]
 [ 0.     0.001  0.007]]
----------------------------------------------------------------------------------------
   Cr1   Cr1   ( -3,   1,   0)  0.0015   (11.817, -13.645,  0.000) 18.051 
J_iso:  0.0015 
[Testing!] DMI: ( 0.0005 -0.0009 -0.0019)
[Testing!]J_ani:
[[ 0.    -0.001  0.   ]
 [-0.001 -0.007  0.001]
 [ 0.     0.001  0.007]]
----------------------------------------------------------------------------------------
   Cr2   Cr2   ( -3,   1,   0)  0.0015   (11.817, -13.645,  0.000) 18.051 
J_iso:  0.0015 
[Testing!] DMI: (-0.0005  0.0009  0.0019)
[Testing!]J_ani:
[[ 0.    -0.001  0.   ]
 [-0.001 -0.007  0.001]
 [ 0.     0.001  0.007]]
----------------------------------------------------------------------------------------
   Cr2   Cr2   ( -1,   3,   0) -0.0041   (-11.817, -13.645,  0.000) 18.051 
J_iso: -0.0041 
[Testing!] DMI: ( 0.0002 -0.0004  0.0013)
[Testing!]J_ani:
[[-0.006  0.    -0.   ]
 [ 0.    -0.003  0.001]
 [-0.     0.001  0.009]]
----------------------------------------------------------------------------------------
   Cr1   Cr1   (  1,  -3,   0) -0.0041   (11.817, 13.645,  0.000) 18.051 
J_iso: -0.0041 
[Testing!] DMI: ( 0.0002 -0.0004  0.0013)
[Testing!]J_ani:
[[-0.006  0.    -0.   ]
 [ 0.    -0.003  0.001]
 [-0.     0.001  0.009]]
----------------------------------------------------------------------------------------
   Cr2   Cr2   (  1,  -3,   0) -0.0041   (11.817, 13.645,  0.000) 18.051 
J_iso: -0.0041 
[Testing!] DMI: (-0.0002  0.0004 -0.0013)
[Testing!]J_ani:
[[-0.006  0.    -0.   ]
 [ 0.    -0.003  0.001]
 [-0.     0.001  0.009]]
----------------------------------------------------------------------------------------
   Cr2   Cr2   (  3,  -1,   0)  0.0015   (-11.817, 13.645,  0.000) 18.051 
J_iso:  0.0015 
[Testing!] DMI: ( 0.0005 -0.0009 -0.0019)
[Testing!]J_ani:
[[ 0.    -0.001  0.   ]
 [-0.001 -0.007  0.001]
 [ 0.     0.001  0.007]]
----------------------------------------------------------------------------------------
   Cr1   Cr1   ( -2,  -1,   0) -0.0006   (17.726, -3.411,  0.000) 18.051 
J_iso: -0.0006 
[Testing!] DMI: (-0.0001  0.0022  0.0010)
[Testing!]J_ani:
[[ 0.009  0.    -0.   ]
 [ 0.    -0.014 -0.002]
 [-0.    -0.002  0.005]]
----------------------------------------------------------------------------------------
   Cr2   Cr2   ( -2,  -1,   0) -0.0006   (17.726, -3.411,  0.000) 18.051 
J_iso: -0.0006 
[Testing!] DMI: ( 0.0001 -0.0022 -0.0010)
[Testing!]J_ani:
[[ 0.009  0.    -0.   ]
 [ 0.    -0.014 -0.002]
 [-0.    -0.002  0.005]]
----------------------------------------------------------------------------------------
   Cr1   Cr1   ( -1,  -2,   0) -0.0013   (17.726,  3.411,  0.000) 18.051 
J_iso: -0.0013 
[Testing!] DMI: (-0.0002  0.0010  0.0017)
[Testing!]J_ani:
[[ 0.006  0.    -0.   ]
 [ 0.    -0.004 -0.004]
 [-0.    -0.004 -0.003]]
----------------------------------------------------------------------------------------
   Cr2   Cr2   ( -1,  -2,   0) -0.0013   (17.726,  3.411,  0.000) 18.051 
J_iso: -0.0013 
[Testing!] DMI: ( 0.0002 -0.0010 -0.0017)
[Testing!]J_ani:
[[ 0.006  0.    -0.   ]
 [ 0.    -0.004 -0.004]
 [-0.    -0.004 -0.003]]
----------------------------------------------------------------------------------------
   Cr1   Cr1   (  1,   2,   0) -0.0013   (-17.726, -3.411,  0.000) 18.051 
J_iso: -0.0013 
[Testing!] DMI: ( 0.0002 -0.0010 -0.0017)
[Testing!]J_ani:
[[ 0.006  0.    -0.   ]
 [ 0.    -0.004 -0.004]
 [-0.    -0.004 -0.003]]
----------------------------------------------------------------------------------------
   Cr2   Cr2   (  1,   2,   0) -0.0013   (-17.726, -3.411,  0.000) 18.051 
J_iso: -0.0013 
[Testing!] DMI: (-0.0002  0.0010  0.0017)
[Testing!]J_ani:
[[ 0.006  0.    -0.   ]
 [ 0.    -0.004 -0.004]
 [-0.    -0.004 -0.003]]
----------------------------------------------------------------------------------------
   Cr1   Cr1   (  2,   1,   0) -0.0006   (-17.726,  3.411,  0.000) 18.051 
J_iso: -0.0006 
[Testing!] DMI: ( 0.0001 -0.0022 -0.0010)
[Testing!]J_ani:
[[ 0.009  0.    -0.   ]
 [ 0.    -0.014 -0.002]
 [-0.    -0.002  0.005]]
----------------------------------------------------------------------------------------
   Cr2   Cr2   (  2,   1,   0) -0.0006   (-17.726,  3.411,  0.000) 18.051 
J_iso: -0.0006 
[Testing!] DMI: (-0.0001  0.0022  0.0010)
[Testing!]J_ani:
[[ 0.009  0.    -0.   ]
 [ 0.    -0.014 -0.002]
 [-0.    -0.002  0.005]]
----------------------------------------------------------------------------------------
   Cr2   Cr1   ( -3,   2,   0)  0.0006   ( 9.848, -17.057, -0.000) 19.695 
J_iso:  0.0006 
[Testing!] DMI: ( 0.0000  0.0000 -0.0000)
[Testing!]J_ani:
[[ 0.003 -0.002 -0.   ]
 [-0.002 -0.003  0.004]
 [-0.     0.004  0.   ]]
----------------------------------------------------------------------------------------
   Cr1   Cr2   ( -2,   3,   0)  0.0012   (-9.848, -17.057,  0.000) 19.695 
J_iso:  0.0012 
[Testing!] DMI: ( 0.0000  0.0000  0.0000)
[Testing!]J_ani:
[[ 0.    -0.002  0.   ]
 [-0.002 -0.007 -0.006]
 [ 0.    -0.006  0.007]]
----------------------------------------------------------------------------------------
   Cr2   Cr1   (  2,  -3,   0)  0.0012   ( 9.848, 17.057, -0.000) 19.695 
J_iso:  0.0012 
[Testing!] DMI: (-0.0000 -0.0000 -0.0000)
[Testing!]J_ani:
[[ 0.    -0.002  0.   ]
 [-0.002 -0.007 -0.006]
 [ 0.    -0.006  0.007]]
----------------------------------------------------------------------------------------
   Cr1   Cr2   (  3,  -2,   0)  0.0006   (-9.848, 17.057,  0.000) 19.695 
J_iso:  0.0006 
[Testing!] DMI: (-0.0000 -0.0000  0.0000)
[Testing!]J_ani:
[[ 0.003 -0.002 -0.   ]
 [-0.002 -0.003  0.004]
 [-0.     0.004  0.   ]]
----------------------------------------------------------------------------------------
   Cr1   Cr2   ( -2,  -2,   0)  0.0016   (19.695,  0.000,  0.000) 19.695 
J_iso:  0.0016 
[Testing!] DMI: (-0.0000 -0.0000 -0.0000)
[Testing!]J_ani:
[[ 0.004  0.    -0.   ]
 [ 0.    -0.002 -0.008]
 [-0.    -0.008 -0.002]]
----------------------------------------------------------------------------------------
   Cr2   Cr1   (  2,   2,   0)  0.0016   (-19.695, -0.000, -0.000) 19.695 
J_iso:  0.0016 
[Testing!] DMI: ( 0.0000  0.0000  0.0000)
[Testing!]J_ani:
[[ 0.004  0.    -0.   ]
 [ 0.    -0.002 -0.008]
 [-0.    -0.008 -0.002]]
----------------------------------------------------------------------------------------
   Cr1   Cr1   ( -3,   3,   0) -0.0024   ( 0.000, -20.468,  0.000) 20.468 
J_iso: -0.0024 
[Testing!] DMI: (-0.0001 -0.0003  0.0000)
[Testing!]J_ani:
[[ 0.021 -0.    -0.   ]
 [-0.    -0.01   0.001]
 [-0.     0.001 -0.011]]
----------------------------------------------------------------------------------------
   Cr2   Cr2   ( -3,   3,   0) -0.0024   ( 0.000, -20.468,  0.000) 20.468 
J_iso: -0.0024 
[Testing!] DMI: ( 0.0001  0.0003 -0.0000)
[Testing!]J_ani:
[[ 0.021 -0.    -0.   ]
 [-0.    -0.01   0.001]
 [-0.     0.001 -0.011]]
----------------------------------------------------------------------------------------
   Cr1   Cr1   (  3,  -3,   0) -0.0024   ( 0.000, 20.468,  0.000) 20.468 
J_iso: -0.0024 
[Testing!] DMI: ( 0.0001  0.0003 -0.0000)
[Testing!]J_ani:
[[ 0.021 -0.    -0.   ]
 [-0.    -0.01   0.001]
 [-0.     0.001 -0.011]]
----------------------------------------------------------------------------------------
   Cr2   Cr2   (  3,  -3,   0) -0.0024   ( 0.000, 20.468,  0.000) 20.468 
J_iso: -0.0024 
[Testing!] DMI: (-0.0001 -0.0003  0.0000)
[Testing!]J_ani:
[[ 0.021 -0.    -0.   ]
 [-0.    -0.01   0.001]
 [-0.     0.001 -0.011]]
----------------------------------------------------------------------------------------
   Cr1   Cr1   ( -3,   0,   0)  0.0006   (17.726, -10.234,  0.000) 20.468 
J_iso:  0.0006 
[Testing!] DMI: ( 0.0002  0.0002 -0.0003)
[Testing!]J_ani:
[[ 0.006  0.    -0.   ]
 [ 0.    -0.007 -0.001]
 [-0.    -0.001  0.001]]
----------------------------------------------------------------------------------------
   Cr2   Cr2   ( -3,   0,   0)  0.0006   (17.726, -10.234,  0.000) 20.468 
J_iso:  0.0006 
[Testing!] DMI: (-0.0002 -0.0002  0.0003)
[Testing!]J_ani:
[[ 0.006  0.    -0.   ]
 [ 0.    -0.007 -0.001]
 [-0.    -0.001  0.001]]
----------------------------------------------------------------------------------------
   Cr1   Cr1   (  0,  -3,   0) -0.0037   (17.726, 10.234,  0.000) 20.468 
J_iso: -0.0037 
[Testing!] DMI: (-0.0001 -0.0002  0.0008)
[Testing!]J_ani:
[[-0.001  0.    -0.   ]
 [ 0.     0.    -0.   ]
 [-0.    -0.     0.001]]
----------------------------------------------------------------------------------------
   Cr2   Cr2   (  0,  -3,   0) -0.0037   (17.726, 10.234,  0.000) 20.468 
J_iso: -0.0037 
[Testing!] DMI: ( 0.0001  0.0002 -0.0008)
[Testing!]J_ani:
[[-0.001  0.    -0.   ]
 [ 0.     0.    -0.   ]
 [-0.    -0.     0.001]]
----------------------------------------------------------------------------------------
   Cr1   Cr1   (  0,   3,   0) -0.0037   (-17.726, -10.234,  0.000) 20.468 
J_iso: -0.0037 
[Testing!] DMI: ( 0.0001  0.0002 -0.0008)
[Testing!]J_ani:
[[-0.001  0.    -0.   ]
 [ 0.     0.    -0.   ]
 [-0.    -0.     0.001]]
----------------------------------------------------------------------------------------
   Cr2   Cr2   (  0,   3,   0) -0.0037   (-17.726, -10.234,  0.000) 20.468 
J_iso: -0.0037 
[Testing!] DMI: (-0.0001 -0.0002  0.0008)
[Testing!]J_ani:
[[-0.001  0.    -0.   ]
 [ 0.     0.    -0.   ]
 [-0.    -0.     0.001]]
----------------------------------------------------------------------------------------
   Cr1   Cr1   (  3,   0,   0)  0.0006   (-17.726, 10.234,  0.000) 20.468 
J_iso:  0.0006 
[Testing!] DMI: (-0.0002 -0.0002  0.0003)
[Testing!]J_ani:
[[ 0.006  0.    -0.   ]
 [ 0.    -0.007 -0.001]
 [-0.    -0.001  0.001]]
----------------------------------------------------------------------------------------
   Cr2   Cr2   (  3,   0,   0)  0.0006   (-17.726, 10.234,  0.000) 20.468 
J_iso:  0.0006 
[Testing!] DMI: ( 0.0002  0.0002 -0.0003)
[Testing!]J_ani:
[[ 0.006  0.    -0.   ]
 [ 0.    -0.007 -0.001]
 [-0.    -0.001  0.001]]
----------------------------------------------------------------------------------------
   Cr1   Cr2   ( -3,   3,   0)  0.0008   (-3.939, -20.468,  0.000) 20.844 
J_iso:  0.0008 
[Testing!] DMI: (-0.0000  0.0000  0.0000)
[Testing!]J_ani:
[[ 0.003 -0.004 -0.   ]
 [-0.004 -0.002 -0.009]
 [-0.    -0.009 -0.001]]
----------------------------------------------------------------------------------------
   Cr2   Cr1   ( -3,   3,   0)  0.0010   ( 3.939, -20.468, -0.000) 20.844 
J_iso:  0.0010 
[Testing!] DMI: (-0.0000  0.0000 -0.0000)
[Testing!]J_ani:
[[ 0.003 -0.001  0.   ]
 [-0.001 -0.005 -0.01 ]
 [ 0.    -0.01   0.003]]
----------------------------------------------------------------------------------------
   Cr1   Cr2   (  3,  -3,   0)  0.0010   (-3.939, 20.468,  0.000) 20.844 
J_iso:  0.0010 
[Testing!] DMI: ( 0.0000 -0.0000  0.0000)
[Testing!]J_ani:
[[ 0.003 -0.001  0.   ]
 [-0.001 -0.005 -0.01 ]
 [ 0.    -0.01   0.003]]
----------------------------------------------------------------------------------------
   Cr2   Cr1   (  3,  -3,   0)  0.0008   ( 3.939, 20.468, -0.000) 20.844 
J_iso:  0.0008 
[Testing!] DMI: ( 0.0000 -0.0000 -0.0000)
[Testing!]J_ani:
[[ 0.003 -0.004 -0.   ]
 [-0.004 -0.002 -0.009]
 [-0.    -0.009 -0.001]]
----------------------------------------------------------------------------------------
   Cr2   Cr1   ( -3,   1,   0) -0.0001   (15.756, -13.645, -0.000) 20.844 
J_iso: -0.0001 
[Testing!] DMI: ( 0.0000  0.0000 -0.0000)
[Testing!]J_ani:
[[ 0.002 -0.007 -0.   ]
 [-0.007  0.004  0.   ]
 [-0.     0.    -0.006]]
----------------------------------------------------------------------------------------
   Cr1   Cr2   ( -1,   3,   0)  0.0012   (-15.756, -13.645,  0.000) 20.844 
J_iso:  0.0012 
[Testing!] DMI: ( 0.0000  0.0000  0.0000)
[Testing!]J_ani:
[[-0.002  0.     0.   ]
 [ 0.    -0.002  0.   ]
 [ 0.     0.     0.004]]
----------------------------------------------------------------------------------------
   Cr2   Cr1   (  1,  -3,   0)  0.0012   (15.756, 13.645, -0.000) 20.844 
J_iso:  0.0012 
[Testing!] DMI: (-0.0000 -0.0000 -0.0000)
[Testing!]J_ani:
[[-0.002  0.     0.   ]
 [ 0.    -0.002  0.   ]
 [ 0.     0.     0.004]]
----------------------------------------------------------------------------------------
   Cr1   Cr2   (  3,  -1,   0) -0.0001   (-15.756, 13.645,  0.000) 20.844 
J_iso: -0.0001 
[Testing!] DMI: (-0.0000 -0.0000  0.0000)
[Testing!]J_ani:
[[ 0.002 -0.007 -0.   ]
 [-0.007  0.004  0.   ]
 [-0.     0.    -0.006]]
----------------------------------------------------------------------------------------
   Cr1   Cr2   ( -3,  -1,   0)  0.0002   (19.695, -6.823,  0.000) 20.844 
J_iso:  0.0002 
[Testing!] DMI: ( 0.0000 -0.0000  0.0000)
[Testing!]J_ani:
[[ 0.004 -0.    -0.   ]
 [-0.     0.004  0.004]
 [-0.     0.004 -0.008]]
----------------------------------------------------------------------------------------
   Cr1   Cr2   ( -1,  -3,   0)  0.0011   (19.695,  6.823,  0.000) 20.844 
J_iso:  0.0011 
[Testing!] DMI: (-0.0000 -0.0000  0.0000)
[Testing!]J_ani:
[[ 0.    -0.     0.   ]
 [-0.    -0.001  0.004]
 [ 0.     0.004  0.001]]
----------------------------------------------------------------------------------------
   Cr2   Cr1   (  1,   3,   0)  0.0011   (-19.695, -6.823, -0.000) 20.844 
J_iso:  0.0011 
[Testing!] DMI: ( 0.0000  0.0000 -0.0000)
[Testing!]J_ani:
[[ 0.    -0.     0.   ]
 [-0.    -0.001  0.004]
 [ 0.     0.004  0.001]]
----------------------------------------------------------------------------------------
   Cr2   Cr1   (  3,   1,   0)  0.0002   (-19.695,  6.823, -0.000) 20.844 
J_iso:  0.0002 
[Testing!] DMI: (-0.0000  0.0000 -0.0000)
[Testing!]J_ani:
[[ 0.004 -0.    -0.   ]
 [-0.     0.004  0.004]
 [-0.     0.004 -0.008]]
----------------------------------------------------------------------------------------
   Cr2   Cr1   ( -2,  -1,   0) -0.0007   (21.665, -3.411, -0.000) 21.932 
J_iso: -0.0007 
[Testing!] DMI: (-0.0000 -0.0000  0.0000)
[Testing!]J_ani:
[[ 0.004  0.003 -0.   ]
 [ 0.003 -0.002 -0.004]
 [-0.    -0.004 -0.002]]
----------------------------------------------------------------------------------------
   Cr2   Cr1   ( -1,  -2,   0) -0.0004   (21.665,  3.411, -0.000) 21.932 
J_iso: -0.0004 
[Testing!] DMI: ( 0.0000 -0.0000  0.0000)
[Testing!]J_ani:
[[ 0.001  0.    -0.   ]
 [ 0.    -0.001 -0.004]
 [-0.    -0.004 -0.   ]]
----------------------------------------------------------------------------------------
   Cr1   Cr2   (  1,   2,   0) -0.0004   (-21.665, -3.411,  0.000) 21.932 
J_iso: -0.0004 
[Testing!] DMI: (-0.0000  0.0000 -0.0000)
[Testing!]J_ani:
[[ 0.001  0.    -0.   ]
 [ 0.    -0.001 -0.004]
 [-0.    -0.004 -0.   ]]
----------------------------------------------------------------------------------------
   Cr1   Cr2   (  2,   1,   0) -0.0007   (-21.665,  3.411,  0.000) 21.932 
J_iso: -0.0007 
[Testing!] DMI: ( 0.0000  0.0000 -0.0000)
[Testing!]J_ani:
[[ 0.004  0.003 -0.   ]
 [ 0.003 -0.002 -0.004]
 [-0.    -0.004 -0.002]]
----------------------------------------------------------------------------------------
   Cr1   Cr1   ( -2,  -2,   0) -0.0029   (23.634,  0.000,  0.000) 23.634 
J_iso: -0.0029 
[Testing!] DMI: (-0.0001  0.0013  0.0003)
[Testing!]J_ani:
[[ 0.003 -0.    -0.   ]
 [-0.    -0.003 -0.   ]
 [-0.    -0.    -0.   ]]
----------------------------------------------------------------------------------------
   Cr2   Cr2   ( -2,  -2,   0) -0.0029   (23.634,  0.000,  0.000) 23.634 
J_iso: -0.0029 
[Testing!] DMI: ( 0.0001 -0.0013 -0.0003)
[Testing!]J_ani:
[[ 0.003 -0.    -0.   ]
 [-0.    -0.003 -0.   ]
 [-0.    -0.    -0.   ]]
----------------------------------------------------------------------------------------
   Cr1   Cr1   (  2,   2,   0) -0.0029   (-23.634,  0.000,  0.000) 23.634 
J_iso: -0.0029 
[Testing!] DMI: ( 0.0001 -0.0013 -0.0003)
[Testing!]J_ani:
[[ 0.003 -0.    -0.   ]
 [-0.    -0.003 -0.   ]
 [-0.    -0.    -0.   ]]
----------------------------------------------------------------------------------------
   Cr2   Cr2   (  2,   2,   0) -0.0029   (-23.634,  0.000,  0.000) 23.634 
J_iso: -0.0029 
[Testing!] DMI: (-0.0001  0.0013  0.0003)
[Testing!]J_ani:
[[ 0.003 -0.    -0.   ]
 [-0.    -0.003 -0.   ]
 [-0.    -0.    -0.   ]]
----------------------------------------------------------------------------------------
   Cr2   Cr1   ( -3,   0,   0) -0.0005   (21.665, -10.234, -0.000) 23.960 
J_iso: -0.0005 
[Testing!] DMI: ( 0.0000 -0.0000  0.0000)
[Testing!]J_ani:
[[ 0.004  0.001 -0.   ]
 [ 0.001  0.006 -0.001]
 [-0.    -0.001 -0.009]]
----------------------------------------------------------------------------------------
   Cr2   Cr1   (  0,  -3,   0)  0.0009   (21.665, 10.234, -0.000) 23.960 
J_iso:  0.0009 
[Testing!] DMI: (-0.0000 -0.0000 -0.0000)
[Testing!]J_ani:
[[-0.002  0.     0.   ]
 [ 0.    -0.001  0.   ]
 [ 0.     0.     0.003]]
----------------------------------------------------------------------------------------
   Cr1   Cr2   (  0,   3,   0)  0.0009   (-21.665, -10.234,  0.000) 23.960 
J_iso:  0.0009 
[Testing!] DMI: ( 0.0000  0.0000  0.0000)
[Testing!]J_ani:
[[-0.002  0.     0.   ]
 [ 0.    -0.001  0.   ]
 [ 0.     0.     0.003]]
----------------------------------------------------------------------------------------
   Cr1   Cr2   (  3,   0,   0) -0.0005   (-21.665, 10.234,  0.000) 23.960 
J_iso: -0.0005 
[Testing!] DMI: (-0.0000  0.0000 -0.0000)
[Testing!]J_ani:
[[ 0.004  0.001 -0.   ]
 [ 0.001  0.006 -0.001]
 [-0.    -0.001 -0.009]]
----------------------------------------------------------------------------------------
   Cr1   Cr1   ( -3,  -1,   0)  0.0003   (23.634, -6.823,  0.000) 24.599 
J_iso:  0.0003 
[Testing!] DMI: (-0.0001  0.0008  0.0012)
[Testing!]J_ani:
[[ 0.003 -0.    -0.   ]
 [-0.    -0.006  0.001]
 [-0.     0.001  0.002]]
----------------------------------------------------------------------------------------
   Cr2   Cr2   ( -3,  -1,   0)  0.0003   (23.634, -6.823,  0.000) 24.599 
J_iso:  0.0003 
[Testing!] DMI: ( 0.0001 -0.0008 -0.0012)
[Testing!]J_ani:
[[ 0.003 -0.    -0.   ]
 [-0.    -0.006  0.001]
 [-0.     0.001  0.002]]
----------------------------------------------------------------------------------------
   Cr1   Cr1   ( -1,  -3,   0) -0.0028   (23.634,  6.823,  0.000) 24.599 
J_iso: -0.0028 
[Testing!] DMI: ( 0.0000  0.0001  0.0006)
[Testing!]J_ani:
[[-0.001 -0.001 -0.   ]
 [-0.001  0.    -0.   ]
 [-0.    -0.     0.001]]
----------------------------------------------------------------------------------------
   Cr2   Cr2   ( -1,  -3,   0) -0.0028   (23.634,  6.823,  0.000) 24.599 
J_iso: -0.0028 
[Testing!] DMI: (-0.0000 -0.0001 -0.0006)
[Testing!]J_ani:
[[-0.001 -0.001 -0.   ]
 [-0.001  0.    -0.   ]
 [-0.    -0.     0.001]]
----------------------------------------------------------------------------------------
   Cr1   Cr1   (  1,   3,   0) -0.0028   (-23.634, -6.823,  0.000) 24.599 
J_iso: -0.0028 
[Testing!] DMI: (-0.0000 -0.0001 -0.0006)
[Testing!]J_ani:
[[-0.001 -0.001 -0.   ]
 [-0.001  0.    -0.   ]
 [-0.    -0.     0.001]]
----------------------------------------------------------------------------------------
   Cr2   Cr2   (  1,   3,   0) -0.0028   (-23.634, -6.823,  0.000) 24.599 
J_iso: -0.0028 
[Testing!] DMI: ( 0.0000  0.0001  0.0006)
[Testing!]J_ani:
[[-0.001 -0.001 -0.   ]
 [-0.001  0.    -0.   ]
 [-0.    -0.     0.001]]
----------------------------------------------------------------------------------------
   Cr1   Cr1   (  3,   1,   0)  0.0003   (-23.634,  6.823,  0.000) 24.599 
J_iso:  0.0003 
[Testing!] DMI: ( 0.0001 -0.0008 -0.0012)
[Testing!]J_ani:
[[ 0.003 -0.    -0.   ]
 [-0.    -0.006  0.001]
 [-0.     0.001  0.002]]
----------------------------------------------------------------------------------------
   Cr2   Cr2   (  3,   1,   0)  0.0003   (-23.634,  6.823,  0.000) 24.599 
J_iso:  0.0003 
[Testing!] DMI: (-0.0001  0.0008  0.0012)
[Testing!]J_ani:
[[ 0.003 -0.    -0.   ]
 [-0.    -0.006  0.001]
 [-0.     0.001  0.002]]
----------------------------------------------------------------------------------------
   Cr2   Cr1   (  2,   3,   0)  0.0010   (-25.604, -3.411, -0.000) 25.830 
J_iso:  0.0010 
[Testing!] DMI: (-0.0000  0.0000 -0.0000)
[Testing!]J_ani:
[[-0.    -0.     0.   ]
 [-0.    -0.001  0.   ]
 [ 0.     0.     0.001]]
----------------------------------------------------------------------------------------
   Cr2   Cr1   (  3,   2,   0)  0.0013   (-25.604,  3.411, -0.000) 25.830 
J_iso:  0.0013 
[Testing!] DMI: (-0.0000  0.0000 -0.0000)
[Testing!]J_ani:
[[ 0.002 -0.001 -0.   ]
 [-0.001 -0.    -0.003]
 [-0.    -0.003 -0.002]]
----------------------------------------------------------------------------------------
   Cr1   Cr2   ( -3,  -2,   0)  0.0013   (25.604, -3.411,  0.000) 25.830 
J_iso:  0.0013 
[Testing!] DMI: ( 0.0000 -0.0000  0.0000)
[Testing!]J_ani:
[[ 0.002 -0.001 -0.   ]
 [-0.001 -0.    -0.003]
 [-0.    -0.003 -0.002]]
----------------------------------------------------------------------------------------
   Cr1   Cr2   ( -2,  -3,   0)  0.0010   (25.604,  3.411,  0.000) 25.830 
J_iso:  0.0010 
[Testing!] DMI: ( 0.0000 -0.0000  0.0000)
[Testing!]J_ani:
[[-0.    -0.     0.   ]
 [-0.    -0.001  0.   ]
 [ 0.     0.     0.001]]
----------------------------------------------------------------------------------------
   Cr2   Cr1   ( -2,  -2,   0) -0.0002   (27.573, -0.000, -0.000) 27.573 
J_iso: -0.0002 
[Testing!] DMI: (-0.0000 -0.0000  0.0000)
[Testing!]J_ani:
[[ 0.001 -0.002 -0.   ]
 [-0.002 -0.003 -0.001]
 [-0.    -0.001  0.002]]
----------------------------------------------------------------------------------------
   Cr1   Cr2   (  2,   2,   0) -0.0002   (-27.573,  0.000,  0.000) 27.573 
J_iso: -0.0002 
[Testing!] DMI: ( 0.0000  0.0000 -0.0000)
[Testing!]J_ani:
[[ 0.001 -0.002 -0.   ]
 [-0.002 -0.003 -0.001]
 [-0.    -0.001  0.002]]
----------------------------------------------------------------------------------------
   Cr2   Cr1   ( -3,  -1,   0) -0.0012   (27.573, -6.823, -0.000) 28.405 
J_iso: -0.0012 
[Testing!] DMI: (-0.0000 -0.0000  0.0000)
[Testing!]J_ani:
[[ 0.001 -0.001 -0.   ]
 [-0.001  0.003  0.002]
 [-0.     0.002 -0.004]]
----------------------------------------------------------------------------------------
   Cr2   Cr1   ( -1,  -3,   0)  0.0001   (27.573,  6.823, -0.000) 28.405 
J_iso:  0.0001 
[Testing!] DMI: ( 0.0000 -0.0000 -0.0000)
[Testing!]J_ani:
[[-0.003  0.001 -0.   ]
 [ 0.001 -0.001  0.   ]
 [-0.     0.     0.004]]
----------------------------------------------------------------------------------------
   Cr1   Cr2   (  1,   3,   0)  0.0001   (-27.573, -6.823,  0.000) 28.405 
J_iso:  0.0001 
[Testing!] DMI: (-0.0000  0.0000  0.0000)
[Testing!]J_ani:
[[-0.003  0.001 -0.   ]
 [ 0.001 -0.001  0.   ]
 [-0.     0.     0.004]]
----------------------------------------------------------------------------------------
   Cr1   Cr2   (  3,   1,   0) -0.0012   (-27.573,  6.823,  0.000) 28.405 
J_iso: -0.0012 
[Testing!] DMI: ( 0.0000  0.0000 -0.0000)
[Testing!]J_ani:
[[ 0.001 -0.001 -0.   ]
 [-0.001  0.003  0.002]
 [-0.     0.002 -0.004]]
----------------------------------------------------------------------------------------
   Cr1   Cr1   (  2,   3,   0) -0.0024   (-29.543, -3.411,  0.000) 29.739 
J_iso: -0.0024 
[Testing!] DMI: ( 0.0003 -0.0005  0.0007)
[Testing!]J_ani:
[[-0.001 -0.    -0.   ]
 [-0.    -0.     0.   ]
 [-0.     0.     0.001]]
----------------------------------------------------------------------------------------
   Cr2   Cr2   (  2,   3,   0) -0.0024   (-29.543, -3.411,  0.000) 29.739 
J_iso: -0.0024 
[Testing!] DMI: (-0.0003  0.0005 -0.0007)
[Testing!]J_ani:
[[-0.001 -0.    -0.   ]
 [-0.    -0.     0.   ]
 [-0.     0.     0.001]]
----------------------------------------------------------------------------------------
   Cr1   Cr1   (  3,   2,   0) -0.0022   (-29.543,  3.411,  0.000) 29.739 
J_iso: -0.0022 
[Testing!] DMI: ( 0.0003 -0.0014 -0.0009)
[Testing!]J_ani:
[[ 0.004 -0.001 -0.   ]
 [-0.001 -0.005  0.001]
 [-0.     0.001  0.001]]
----------------------------------------------------------------------------------------
   Cr2   Cr2   (  3,   2,   0) -0.0022   (-29.543,  3.411,  0.000) 29.739 
J_iso: -0.0022 
[Testing!] DMI: (-0.0003  0.0014  0.0009)
[Testing!]J_ani:
[[ 0.004 -0.001 -0.   ]
 [-0.001 -0.005  0.001]
 [-0.     0.001  0.001]]
----------------------------------------------------------------------------------------
   Cr1   Cr1   ( -3,  -2,   0) -0.0022   (29.543, -3.411,  0.000) 29.739 
J_iso: -0.0022 
[Testing!] DMI: (-0.0003  0.0014  0.0009)
[Testing!]J_ani:
[[ 0.004 -0.001 -0.   ]
 [-0.001 -0.005  0.001]
 [-0.     0.001  0.001]]
----------------------------------------------------------------------------------------
   Cr1   Cr1   ( -2,  -3,   0) -0.0024   (29.543,  3.411,  0.000) 29.739 
J_iso: -0.0024 
[Testing!] DMI: (-0.0003  0.0005 -0.0007)
[Testing!]J_ani:
[[-0.001 -0.    -0.   ]
 [-0.    -0.     0.   ]
 [-0.     0.     0.001]]
----------------------------------------------------------------------------------------
   Cr2   Cr2   ( -3,  -2,   0) -0.0022   (29.543, -3.411,  0.000) 29.739 
J_iso: -0.0022 
[Testing!] DMI: ( 0.0003 -0.0014 -0.0009)
[Testing!]J_ani:
[[ 0.004 -0.001 -0.   ]
 [-0.001 -0.005  0.001]
 [-0.     0.001  0.001]]
----------------------------------------------------------------------------------------
   Cr2   Cr2   ( -2,  -3,   0) -0.0024   (29.543,  3.411,  0.000) 29.739 
J_iso: -0.0024 
[Testing!] DMI: ( 0.0003 -0.0005  0.0007)
[Testing!]J_ani:
[[-0.001 -0.    -0.   ]
 [-0.    -0.     0.   ]
 [-0.     0.     0.001]]
----------------------------------------------------------------------------------------
   Cr1   Cr2   ( -3,  -3,   0)  0.0014   (31.512,  0.000,  0.000) 31.512 
J_iso:  0.0014 
[Testing!] DMI: (-0.0000 -0.0000  0.0000)
[Testing!]J_ani:
[[-0.001 -0.001  0.   ]
 [-0.001 -0.003 -0.002]
 [ 0.    -0.002  0.004]]
----------------------------------------------------------------------------------------
   Cr2   Cr1   (  3,   3,   0)  0.0014   (-31.512, -0.000, -0.000) 31.512 
J_iso:  0.0014 
[Testing!] DMI: ( 0.0000  0.0000 -0.0000)
[Testing!]J_ani:
[[-0.001 -0.001  0.   ]
 [-0.001 -0.003 -0.002]
 [ 0.    -0.002  0.004]]
----------------------------------------------------------------------------------------
   Cr2   Cr1   ( -3,  -2,   0) -0.0006   (33.482, -3.411, -0.000) 33.655 
J_iso: -0.0006 
[Testing!] DMI: ( 0.0000 -0.0000 -0.0000)
[Testing!]J_ani:
[[-0.001 -0.     0.   ]
 [-0.    -0.002  0.004]
 [ 0.     0.004  0.004]]
----------------------------------------------------------------------------------------
   Cr2   Cr1   ( -2,  -3,   0) -0.0002   (33.482,  3.411, -0.000) 33.655 
J_iso: -0.0002 
[Testing!] DMI: ( 0.0000 -0.0000 -0.0000)
[Testing!]J_ani:
[[-0.     0.    -0.   ]
 [ 0.    -0.003  0.007]
 [-0.     0.007  0.003]]
----------------------------------------------------------------------------------------
   Cr1   Cr2   (  2,   3,   0) -0.0002   (-33.482, -3.411,  0.000) 33.655 
J_iso: -0.0002 
[Testing!] DMI: (-0.0000  0.0000  0.0000)
[Testing!]J_ani:
[[-0.     0.    -0.   ]
 [ 0.    -0.003  0.007]
 [-0.     0.007  0.003]]
----------------------------------------------------------------------------------------
   Cr1   Cr2   (  3,   2,   0) -0.0006   (-33.482,  3.411,  0.000) 33.655 
J_iso: -0.0006 
[Testing!] DMI: (-0.0000  0.0000  0.0000)
[Testing!]J_ani:
[[-0.001 -0.     0.   ]
 [-0.    -0.002  0.004]
 [ 0.     0.004  0.004]]
----------------------------------------------------------------------------------------
   Cr1   Cr1   ( -3,  -3,   0) -0.0026   (35.451,  0.000,  0.000) 35.451 
J_iso: -0.0026 
[Testing!] DMI: ( 0.0000  0.0008 -0.0014)
[Testing!]J_ani:
[[ 0.002 -0.001 -0.   ]
 [-0.001  0.001 -0.   ]
 [-0.    -0.    -0.003]]
----------------------------------------------------------------------------------------
   Cr2   Cr2   ( -3,  -3,   0) -0.0026   (35.451,  0.000,  0.000) 35.451 
J_iso: -0.0026 
[Testing!] DMI: (-0.0000 -0.0008  0.0014)
[Testing!]J_ani:
[[ 0.002 -0.001 -0.   ]
 [-0.001  0.001 -0.   ]
 [-0.    -0.    -0.003]]
----------------------------------------------------------------------------------------
   Cr1   Cr1   (  3,   3,   0) -0.0026   (-35.451,  0.000,  0.000) 35.451 
J_iso: -0.0026 
[Testing!] DMI: (-0.0000 -0.0008  0.0014)
[Testing!]J_ani:
[[ 0.002 -0.001 -0.   ]
 [-0.001  0.001 -0.   ]
 [-0.    -0.    -0.003]]
----------------------------------------------------------------------------------------
   Cr2   Cr2   (  3,   3,   0) -0.0026   (-35.451,  0.000,  0.000) 35.451 
J_iso: -0.0026 
[Testing!] DMI: ( 0.0000  0.0008 -0.0014)
[Testing!]J_ani:
[[ 0.002 -0.001 -0.   ]
 [-0.001  0.001 -0.   ]
 [-0.    -0.    -0.003]]
----------------------------------------------------------------------------------------
   Cr2   Cr1   ( -3,  -3,   0)  0.0006   (39.391, -0.000, -0.000) 39.391 
J_iso:  0.0006 
[Testing!] DMI: (-0.0000 -0.0000 -0.0000)
[Testing!]J_ani:
[[ 0.006  0.    -0.   ]
 [ 0.    -0.003  0.022]
 [-0.     0.022 -0.003]]
----------------------------------------------------------------------------------------
   Cr1   Cr2   (  3,   3,   0)  0.0006   (-39.391,  0.000,  0.000) 39.391 
J_iso:  0.0006 
[Testing!] DMI: ( 0.0000  0.0000  0.0000)
[Testing!]J_ani:
[[ 0.006  0.    -0.   ]
 [ 0.    -0.003  0.022]
 [-0.     0.022 -0.003]]
